{
 "n_pools": 289,
 "n_pairs": 22875,
 "n_neg": 22326,
 "n_never": 155,
 "n_prec": 394,
 "size_corr_beta": {},
 "auroc": {
  "S0": {
   "never": 0.726963788783799,
   "prec": 0.843821435116281
  },
  "IPSAE": {
   "never": 0.7532713197111425,
   "prec": 0.8400219452315049
  },
  "IPSAE_raw": {
   "never": 0.5185773566476811,
   "prec": 0.5233501742294955
  },
  "LIS": {
   "never": 0.2836399337673709,
   "prec": 0.21450622547020137
  },
  "LIS_raw": {
   "never": 0.5181424521677316,
   "prec": 0.5279910836697193
  },
  "CP": {
   "never": 0.6554269143743877,
   "prec": 0.7485066124447561
  },
  "CP_raw": {
   "never": 0.5759755008625846,
   "prec": 0.6611825187541693
  },
  "REP": {
   "never": 0.7046091205682367,
   "prec": 0.780205273858391
  },
  "REP_raw": {
   "never": 0.5601562477423978,
   "prec": 0.5971798376707679
  }
 },
 "primary": {
  "IPSAE": {
   "diff": 0.026307530927343503,
   "ci98.75": [
    -0.1533990054208272,
    0.17704494228143766
   ],
   "verdict": "NO RESCUE"
  },
  "LIS": {
   "diff": -0.44332385501642807,
   "ci98.75": [
    -0.6457788715732101,
    -0.16519529393082769
   ],
   "verdict": "NO RESCUE"
  },
  "CP": {
   "diff": -0.07153687440941126,
   "ci98.75": [
    -0.1587478805415313,
    0.036798940955540475
   ],
   "verdict": "NO RESCUE"
  },
  "REP": {
   "diff": -0.022354668215562312,
   "ci98.75": [
    -0.13247260685389506,
    0.09071982163135515
   ],
   "verdict": "NO RESCUE"
  }
 },
 "secondary_gap_closure": {
  "score": "IPSAE",
  "gap_S0_minus_gap_score": 0.03010702081211969,
  "ci95": [
   -0.11582071369130685,
   0.15467519291648232
  ]
 }
}
