{
 "context_counts": {
  "clean": 147873,
  "compete": 12832,
  "bridge": 67
 },
 "bridge_rows_positive": 12,
 "T1_T2": {
  "n_pairs": {
   "pos": 208,
   "neg": 5808,
   "never": 42,
   "prec": 166
  },
  "delta_pos": {
   "est": 0.008088942307692304,
   "ci95": [
    -0.005006173567172681,
    0.024378762524084746
   ]
  },
  "delta_neg": {
   "est": 0.00031507116620752923,
   "ci95": [
    -0.0007940487290851752,
    0.0014365643262002382
   ]
  },
  "delta_never": {
   "est": 0.0012380952380952345,
   "ci95": [
    -0.02902454912197442,
    0.031446813953488376
   ]
  },
  "delta_prec": {
   "est": 0.009822289156626501,
   "ci95": [
    -0.004311279482104599,
    0.028521562729273617
   ]
  },
  "DiD_pos_minus_neg": {
   "est": 0.007773871141484774,
   "ci95": [
    -0.0058041570007980395,
    0.022584249386065722
   ]
  }
 },
 "T1_verdict": "NOT SHOWN",
 "T2_verdict": "NOT SHOWN",
 "T3": {
  "n_pos_remote": 291,
  "delta_remote_pos": {
   "est": -0.002525200458190146,
   "ci95": [
    -0.011444271730211376,
    0.005948941017789444
   ]
  },
  "compete_minus_remote_pos": {
   "est": 0.01061414276588245,
   "ci95": [
    -0.00460247494064087,
    0.028276067143512214
   ]
  }
 },
 "T3_verdict": "NOT SHOWN",
 "T4": {
  "n_pairs_changed": 88438,
  "never_solved": {
   "auroc_S0": 0.7094984299315785,
   "auroc_Sctx": 0.708540835594859,
   "diff": {
    "est": -0.0009575943367194917,
    "ci95": [
     -0.004624737741474435,
     0.0018204207569027483
    ]
   }
  },
  "precedented": {
   "auroc_S0": 0.8471369876934352,
   "auroc_Sctx": 0.8445322888819827,
   "diff": {
    "est": -0.0026046988114524217,
    "ci95": [
     -0.00614052903215225,
     -6.685361788664477e-05
    ]
   }
  }
 },
 "T4_verdict": "NOT SHOWN",
 "sens_tau0.3": {
  "n_pairs": {
   "pos": 143,
   "neg": 3148,
   "never": 32,
   "prec": 111
  },
  "delta_pos": {
   "est": 0.009322843822843827,
   "ci95": [
    -0.007553811209925358,
    0.025744180562850143
   ]
  },
  "delta_neg": {
   "est": 0.00044287378229563727,
   "ci95": [
    -0.0010704524924004095,
    0.0019632796552054733
   ]
  },
  "delta_never": {
   "est": 0.002999999999999994,
   "ci95": [
    -0.04080300000000006,
    0.04241498673740064
   ]
  },
  "delta_prec": {
   "est": 0.01114564564564565,
   "ci95": [
    -0.005749122620062494,
    0.030125722183015735
   ]
  },
  "DiD_pos_minus_neg": {
   "est": 0.008879970040548189,
   "ci95": [
    -0.006768543791180488,
    0.026776723405199106
   ]
  }
 },
 "sens_exogenous_tau0.2": {
  "n_pairs": {
   "pos": 151,
   "neg": 3293,
   "never": 36,
   "prec": 115
  },
  "delta_pos": {
   "est": -0.004582781456953649,
   "ci95": [
    -0.02518764534883725,
    0.013497393338323357
   ]
  },
  "delta_neg": {
   "est": -0.0005902925397307413,
   "ci95": [
    -0.002252441208012245,
    0.0009845775056467315
   ]
  },
  "delta_never": {
   "est": -0.012166666666666699,
   "ci95": [
    -0.04743035714285721,
    0.011375240384615343
   ]
  },
  "delta_prec": {
   "est": -0.002208695652173909,
   "ci95": [
    -0.027592517076502718,
    0.021926991386382308
   ]
  },
  "DiD_pos_minus_neg": {
   "est": -0.003992488917222908,
   "ci95": [
    -0.02604767995456699,
    0.01428227318138428
   ]
  }
 }
}
