5 MSA(s) to ensure

artemis_A    362 aa, submitting
   artemis_A     0s RUNNING
   artemis_A    60s RUNNING
artemis_A    wrote 2040 sequences | query row matches the construct: yes
cpsf73_A     478 aa, submitting
   cpsf73_A      0s RUNNING
   cpsf73_A     60s RUNNING
   cpsf73_A    120s RUNNING
cpsf73_A     wrote 5457 sequences | query row matches the construct: yes
nsp1014_A    131 aa, submitting
   nsp1014_A     0s RUNNING
nsp1014_A    wrote 533 sequences | query row matches the construct: yes
nsp1014_B    290 aa, submitting
   nsp1014_B     0s RUNNING
   nsp1014_B    60s RUNNING
nsp1014_B    wrote 414 sequences | query row matches the construct: yes
snm1a_A      343 aa, submitting
   snm1a_A       0s RUNNING
   snm1a_A      60s RUNNING
snm1a_A      wrote 4956 sequences | query row matches the construct: yes

5 of 5 ready in C:\Users\bmens\OneDrive - Indiana University\NQ_Project\af3-hitcall\cleanroom\msa
the gate can now run offline; validate with:
  YAML_DIR=gate_jobs py -3.11 validate_jobs.py
